../Core/Src/main.c:181:5:main	16	static
../Core/Src/main.c:321:6:SystemClock_Config	88	static
../Core/Src/main.c:368:13:MX_TIM2_Init	48	static
../Core/Src/main.c:417:13:MX_TIM3_Init	48	static
../Core/Src/main.c:466:13:MX_USART1_UART_Init	8	static
../Core/Src/main.c:499:13:MX_USART2_UART_Init	8	static
../Core/Src/main.c:532:13:MX_GPIO_Init	48	static
../Core/Src/main.c:594:6:Flash_LED	24	static
../Core/Src/main.c:610:6:Start_New_Game	8	static
../Core/Src/main.c:619:6:RandomNewSequence	16	static
../Core/Src/main.c:627:6:Play_GameOver_Anim	16	static
../Core/Src/main.c:645:6:Check_Player_Input	16	static
../Core/Src/main.c:669:6:buzzer_set_tone	24	static
../Core/Src/main.c:689:6:Play_Melody	24	static
../Core/Src/main.c:701:6:SetTime	16	static
../Core/Src/main.c:711:6:UpdateCurrentMaxTime	4	static
../Core/Src/main.c:718:6:HAL_TIM_PeriodElapsedCallback	24	static
../Core/Src/main.c:749:6:Error_Handler	4	static,ignoring_inline_asm
